[4pdvGPU Msg(487548:140513121919744:libvgpu.c:871)]: Initializing...
WARNING:torch.distributed.run:
*****************************************
Setting OMP_NUM_THREADS environment variable for each process to be 1 in default, to avoid your system being overloaded, please further tune the variable for optimal performance in your application as needed. 
*****************************************
[4pdvGPU Msg(487637:139934570296064:libvgpu.c:871)]: Initializing...
[4pdvGPU Msg(487635:139667727340288:libvgpu.c:871)]: Initializing...
[4pdvGPU Msg(487634:140579897971456:libvgpu.c:871)]: Initializing...
[4pdvGPU Msg(487636:140473737745152:libvgpu.c:871)]: Initializing...
[4pdvGPU Msg(487634:140579897971456:device.c:248)]: driver version=11040
[4pdvGPU Msg(487634:140579897971456:hook.c:400)]: loaded nvml libraries
[4pdvGPU Msg(487634:140579897971456:hook.c:408)]: initial_virtual_map
[4pdvGPU Msg(487637:139934570296064:device.c:248)]: driver version=11040
[4pdvGPU Msg(487637:139934570296064:hook.c:400)]: loaded nvml libraries
[4pdvGPU Msg(487637:139934570296064:hook.c:408)]: initial_virtual_map
[4pdvGPU Warn(487634:140579897971456:multiprocess_memory_limit.c:545)]: Kick dead proc 480853
[4pdvGPU Warn(487634:140579897971456:multiprocess_memory_limit.c:545)]: Kick dead proc 480850
[4pdvGPU Warn(487634:140579897971456:multiprocess_memory_limit.c:545)]: Kick dead proc 480852
[4pdvGPU Msg(487636:140473737745152:device.c:248)]: driver version=11040
[4pdvGPU Warn(487634:140579897971456:multiprocess_memory_limit.c:545)]: Kick dead proc 480851
[4pdvGPU Msg(487636:140473737745152:hook.c:400)]: loaded nvml libraries
[4pdvGPU Msg(487636:140473737745152:hook.c:408)]: initial_virtual_map
[4pdvGPU Msg(487635:139667727340288:device.c:248)]: driver version=11040
[4pdvGPU Msg(487635:139667727340288:hook.c:400)]: loaded nvml libraries
[4pdvGPU Msg(487635:139667727340288:hook.c:408)]: initial_virtual_map
[4pdvGPU Warn(487634:140579897971456:export_table.c:158)]: Internal function call: 6b initiated=0 exportTable=0x7fdb4d929420
[4pdvGPU Msg(487634:140579897971456:utils.c:189)]: detected virtual_deivces=4:0
[4pdvGPU Warn(487637:139934570296064:export_table.c:158)]: Internal function call: 6b initiated=0 exportTable=0x7f450d0bb420
[4pdvGPU Msg(487637:139934570296064:utils.c:34)]: unified_lock locked, waiting 1 second...
[4pdvGPU Warn(487636:140473737745152:export_table.c:158)]: Internal function call: 6b initiated=0 exportTable=0x7fc295ee1420
[4pdvGPU Msg(487636:140473737745152:utils.c:34)]: unified_lock locked, waiting 1 second...
[4pdvGPU Warn(487635:139667727340288:export_table.c:158)]: Internal function call: 6b initiated=0 exportTable=0x7f06ebf75420
[4pdvGPU Msg(487635:139667727340288:utils.c:34)]: unified_lock locked, waiting 1 second...
[4pdvGPU Msg(487634:140579897971456:utils.c:232)]: current processes num = 0 1
[4pdvGPU Msg(487634:140579897971456:utils.c:159)]: current pids[0]=3432351
[4pdvGPU Warn(487634:140579897971456:utils.c:242)]: hostPid=3432351
[4pdvGPU Warn(487634:140579897971456:utils.c:247)]: Primary Context Size==269484032
[4pdvGPU Warn(487634:140579897971456:context.c:105)]: into cuDevicePrimaryCtxRelease dev=0 ret=0
[4pdvGPU Msg(487634:140579897971456:libvgpu.c:901)]: Initialized
[4pdvGPU Msg(487634:140579897971456:multiprocess_utilization_watcher.c:210)]: set core utilization limit to  25
[4pdvGPU Warn(487634:140579897971456:export_table.c:158)]: Internal function call: 6b initiated=1 exportTable=0x7fdb4d929420
[4pdvGPU Msg(487637:139934570296064:utils.c:189)]: detected virtual_deivces=4:0
[4pdvGPU Msg(487636:140473737745152:utils.c:34)]: unified_lock locked, waiting 1 second...
[4pdvGPU Msg(487635:139667727340288:utils.c:34)]: unified_lock locked, waiting 1 second...
[4pdvGPU Msg(487637:139934570296064:utils.c:232)]: current processes num = 0 1
[4pdvGPU Msg(487637:139934570296064:utils.c:159)]: current pids[0]=3432354
[4pdvGPU Warn(487637:139934570296064:utils.c:242)]: hostPid=3432354
[4pdvGPU Warn(487637:139934570296064:utils.c:247)]: Primary Context Size==269484032
[4pdvGPU Warn(487637:139934570296064:context.c:105)]: into cuDevicePrimaryCtxRelease dev=0 ret=0
[4pdvGPU Msg(487637:139934570296064:libvgpu.c:901)]: Initialized
[4pdvGPU Msg(487637:139934570296064:multiprocess_utilization_watcher.c:210)]: set core utilization limit to  25
[4pdvGPU Warn(487637:139934570296064:export_table.c:158)]: Internal function call: 6b initiated=1 exportTable=0x7f450d0bb420
[4pdvGPU Msg(487636:140473737745152:utils.c:189)]: detected virtual_deivces=4:0
[4pdvGPU Msg(487635:139667727340288:utils.c:34)]: unified_lock locked, waiting 1 second...
[4pdvGPU Msg(487636:140473737745152:utils.c:232)]: current processes num = 0 1
[4pdvGPU Msg(487636:140473737745152:utils.c:159)]: current pids[0]=3432353
[4pdvGPU Warn(487636:140473737745152:utils.c:242)]: hostPid=3432353
[4pdvGPU Warn(487636:140473737745152:utils.c:247)]: Primary Context Size==269484032
[4pdvGPU Warn(487636:140473737745152:context.c:105)]: into cuDevicePrimaryCtxRelease dev=0 ret=0
[4pdvGPU Msg(487636:140473737745152:libvgpu.c:901)]: Initialized
[4pdvGPU Msg(487636:140473737745152:multiprocess_utilization_watcher.c:210)]: set core utilization limit to  25
[4pdvGPU Warn(487636:140473737745152:export_table.c:158)]: Internal function call: 6b initiated=1 exportTable=0x7fc295ee1420
[4pdvGPU Msg(487635:139667727340288:utils.c:189)]: detected virtual_deivces=4:0
[4pdvGPU Msg(487635:139667727340288:utils.c:232)]: current processes num = 0 1
[4pdvGPU Msg(487635:139667727340288:utils.c:159)]: current pids[0]=3432352
[4pdvGPU Warn(487635:139667727340288:utils.c:242)]: hostPid=3432352
[4pdvGPU Warn(487635:139667727340288:utils.c:247)]: Primary Context Size==269484032
[4pdvGPU Warn(487635:139667727340288:context.c:105)]: into cuDevicePrimaryCtxRelease dev=0 ret=0
[4pdvGPU Msg(487635:139667727340288:libvgpu.c:901)]: Initialized
[4pdvGPU Msg(487635:139667727340288:multiprocess_utilization_watcher.c:210)]: set core utilization limit to  25
[4pdvGPU Warn(487635:139667727340288:export_table.c:158)]: Internal function call: 6b initiated=1 exportTable=0x7f06ebf75420
Files already downloaded and verified
Files already downloaded and verified
Files already downloaded and verified
Files already downloaded and verified
ai:487634:487634 [0] NCCL INFO Bootstrap : Using eth0:162.30.2.40<0>
ai:487634:487634 [0] NCCL INFO NET/Plugin : No plugin found (libnccl-net.so), using internal implementation

ai:487634:487634 [0] misc/ibvwrap.cc:63 NCCL WARN Failed to open libibverbs.so[.1]
ai:487634:487634 [0] NCCL INFO NET/Socket : Using [0]eth0:162.30.2.40<0>
ai:487634:487634 [0] NCCL INFO Using network Socket
NCCL version 2.10.3+cuda11.3
ai:487635:487635 [1] NCCL INFO Bootstrap : Using eth0:162.30.2.40<0>
ai:487635:487635 [1] NCCL INFO NET/Plugin : No plugin found (libnccl-net.so), using internal implementation

ai:487635:487635 [1] misc/ibvwrap.cc:63 NCCL WARN Failed to open libibverbs.so[.1]
ai:487635:487635 [1] NCCL INFO NET/Socket : Using [0]eth0:162.30.2.40<0>
ai:487635:487635 [1] NCCL INFO Using network Socket
ai:487637:487637 [3] NCCL INFO Bootstrap : Using eth0:162.30.2.40<0>
ai:487637:487637 [3] NCCL INFO NET/Plugin : No plugin found (libnccl-net.so), using internal implementation

ai:487637:487637 [3] misc/ibvwrap.cc:63 NCCL WARN Failed to open libibverbs.so[.1]
ai:487637:487637 [3] NCCL INFO NET/Socket : Using [0]eth0:162.30.2.40<0>
ai:487637:487637 [3] NCCL INFO Using network Socket
ai:487636:487636 [2] NCCL INFO Bootstrap : Using eth0:162.30.2.40<0>
ai:487636:487636 [2] NCCL INFO NET/Plugin : No plugin found (libnccl-net.so), using internal implementation

ai:487636:487636 [2] misc/ibvwrap.cc:63 NCCL WARN Failed to open libibverbs.so[.1]
ai:487636:487636 [2] NCCL INFO NET/Socket : Using [0]eth0:162.30.2.40<0>
ai:487636:487636 [2] NCCL INFO Using network Socket
ai:487635:487738 [1] NCCL INFO NCCL_P2P_LEVEL set by environment to LOC
ai:487637:487739 [3] NCCL INFO NCCL_P2P_LEVEL set by environment to LOC
ai:487634:487737 [0] NCCL INFO NCCL_P2P_LEVEL set by environment to LOC
ai:487636:487740 [2] NCCL INFO NCCL_P2P_LEVEL set by environment to LOC
ai:487634:487737 [0] NCCL INFO Channel 00/02 :    0   1   2   3
ai:487637:487739 [3] NCCL INFO Trees [0] -1/-1/-1->3->2 [1] -1/-1/-1->3->2
ai:487636:487740 [2] NCCL INFO Trees [0] 3/-1/-1->2->1 [1] 3/-1/-1->2->1
ai:487635:487738 [1] NCCL INFO Trees [0] 2/-1/-1->1->0 [1] 2/-1/-1->1->0
ai:487634:487737 [0] NCCL INFO Channel 01/02 :    0   1   2   3
ai:487637:487739 [3] NCCL INFO Setting affinity for GPU 3 to ffff,f00000ff,fff00000
ai:487636:487740 [2] NCCL INFO Setting affinity for GPU 2 to ffff,f00000ff,fff00000
ai:487635:487738 [1] NCCL INFO Setting affinity for GPU 1 to 0fffff00,000fffff
ai:487634:487737 [0] NCCL INFO Trees [0] 1/-1/-1->0->-1 [1] 1/-1/-1->0->-1
ai:487634:487737 [0] NCCL INFO Setting affinity for GPU 0 to 0fffff00,000fffff
ai:487637:487739 [3] NCCL INFO Channel 00 : 3[b2000] -> 0[1a000] via direct shared memory
ai:487637:487739 [3] NCCL INFO Channel 01 : 3[b2000] -> 0[1a000] via direct shared memory
ai:487636:487740 [2] NCCL INFO Channel 00 : 2[89000] -> 3[b2000] via direct shared memory
ai:487634:487737 [0] NCCL INFO Channel 00 : 0[1a000] -> 1[3e000] via direct shared memory
ai:487636:487740 [2] NCCL INFO Channel 01 : 2[89000] -> 3[b2000] via direct shared memory
ai:487634:487737 [0] NCCL INFO Channel 01 : 0[1a000] -> 1[3e000] via direct shared memory
ai:487637:487739 [3] NCCL INFO Connected all rings
ai:487637:487739 [3] NCCL INFO Channel 00 : 3[b2000] -> 2[89000] via direct shared memory
ai:487637:487739 [3] NCCL INFO Channel 01 : 3[b2000] -> 2[89000] via direct shared memory
ai:487635:487738 [1] NCCL INFO Channel 00 : 1[3e000] -> 2[89000] via direct shared memory
ai:487635:487738 [1] NCCL INFO Channel 01 : 1[3e000] -> 2[89000] via direct shared memory
ai:487634:487737 [0] NCCL INFO Connected all rings
ai:487635:487738 [1] NCCL INFO Connected all rings
ai:487636:487740 [2] NCCL INFO Connected all rings
ai:487635:487738 [1] NCCL INFO Channel 00 : 1[3e000] -> 0[1a000] via direct shared memory
ai:487635:487738 [1] NCCL INFO Channel 01 : 1[3e000] -> 0[1a000] via direct shared memory
ai:487636:487740 [2] NCCL INFO Channel 00 : 2[89000] -> 1[3e000] via direct shared memory
ai:487634:487737 [0] NCCL INFO Connected all trees
ai:487634:487737 [0] NCCL INFO threadThresholds 8/8/64 | 32/8/64 | 8/8/512
ai:487636:487740 [2] NCCL INFO Channel 01 : 2[89000] -> 1[3e000] via direct shared memory
ai:487634:487737 [0] NCCL INFO 2 coll channels, 2 p2p channels, 2 p2p channels per peer
ai:487636:487740 [2] NCCL INFO Connected all trees
ai:487636:487740 [2] NCCL INFO threadThresholds 8/8/64 | 32/8/64 | 8/8/512
ai:487636:487740 [2] NCCL INFO 2 coll channels, 2 p2p channels, 2 p2p channels per peer
ai:487635:487738 [1] NCCL INFO Connected all trees
ai:487635:487738 [1] NCCL INFO threadThresholds 8/8/64 | 32/8/64 | 8/8/512
ai:487635:487738 [1] NCCL INFO 2 coll channels, 2 p2p channels, 2 p2p channels per peer
ai:487637:487739 [3] NCCL INFO Connected all trees
ai:487637:487739 [3] NCCL INFO threadThresholds 8/8/64 | 32/8/64 | 8/8/512
ai:487637:487739 [3] NCCL INFO 2 coll channels, 2 p2p channels, 2 p2p channels per peer
ai:487636:487740 [2] NCCL INFO comm 0x7fc0c8002f70 rank 2 nranks 4 cudaDev 2 busId 89000 - Init COMPLETE
ai:487635:487738 [1] NCCL INFO comm 0x7f0528002f70 rank 1 nranks 4 cudaDev 1 busId 3e000 - Init COMPLETE
ai:487634:487737 [0] NCCL INFO comm 0x7fd988002f70 rank 0 nranks 4 cudaDev 0 busId 1a000 - Init COMPLETE
ai:487635:487635 [1] NCCL INFO Broadcast: opCount 0 sendbuff 0x7f053bfe9600 recvbuff 0x7f053bfe9600 count 5152 datatype 0 op 0 root 0 comm 0x7f0528002f70 [nranks=4] stream 0xc9e1f80
ai:487637:487739 [3] NCCL INFO comm 0x7f4344002f70 rank 3 nranks 4 cudaDev 3 busId b2000 - Init COMPLETE
ai:487636:487636 [2] NCCL INFO Broadcast: opCount 0 sendbuff 0x7fc0dbfe9600 recvbuff 0x7fc0dbfe9600 count 5152 datatype 0 op 0 root 0 comm 0x7fc0c8002f70 [nranks=4] stream 0x6b591b0
ai:487634:487634 [0] NCCL INFO Broadcast: opCount 0 sendbuff 0x7fd997fe9600 recvbuff 0x7fd997fe9600 count 5152 datatype 0 op 0 root 0 comm 0x7fd988002f70 [nranks=4] stream 0xc62dd60
ai:487637:487637 [3] NCCL INFO Broadcast: opCount 0 sendbuff 0x7f43e2fe9600 recvbuff 0x7f43e2fe9600 count 5152 datatype 0 op 0 root 0 comm 0x7f4344002f70 [nranks=4] stream 0xcad1e40
ai:487634:487634 [0] NCCL INFO Launch mode Parallel
ai:487637:487637 [3] NCCL INFO Broadcast: opCount 0 sendbuff 0x7f4334000000 recvbuff 0x7f4334000000 count 112070400 datatype 0 op 0 root 0 comm 0x7f4344002f70 [nranks=4] stream 0xcad1e40
ai:487636:487636 [2] NCCL INFO Broadcast: opCount 0 sendbuff 0x7fc0c0000000 recvbuff 0x7fc0c0000000 count 112070400 datatype 0 op 0 root 0 comm 0x7fc0c8002f70 [nranks=4] stream 0x6b591b0
ai:487635:487635 [1] NCCL INFO Broadcast: opCount 0 sendbuff 0x7f0520000000 recvbuff 0x7f0520000000 count 112070400 datatype 0 op 0 root 0 comm 0x7f0528002f70 [nranks=4] stream 0xc9e1f80
ai:487634:487634 [0] NCCL INFO Broadcast: opCount 0 sendbuff 0x7fd97c000000 recvbuff 0x7fd97c000000 count 112070400 datatype 0 op 0 root 0 comm 0x7fd988002f70 [nranks=4] stream 0xc62dd60
ai:487637:487637 [3] NCCL INFO Broadcast: opCount 0 sendbuff 0x7f43e2fe9600 recvbuff 0x7f43e2fe9600 count 424 datatype 0 op 0 root 0 comm 0x7f4344002f70 [nranks=4] stream 0xcad1e40
ai:487636:487636 [2] NCCL INFO Broadcast: opCount 0 sendbuff 0x7fc0dbfe9600 recvbuff 0x7fc0dbfe9600 count 424 datatype 0 op 0 root 0 comm 0x7fc0c8002f70 [nranks=4] stream 0x6b591b0
ai:487635:487635 [1] NCCL INFO Broadcast: opCount 0 sendbuff 0x7f053bfe9600 recvbuff 0x7f053bfe9600 count 424 datatype 0 op 0 root 0 comm 0x7f0528002f70 [nranks=4] stream 0xc9e1f80
ai:487634:487634 [0] NCCL INFO Broadcast: opCount 0 sendbuff 0x7fd997fe9600 recvbuff 0x7fd997fe9600 count 424 datatype 0 op 0 root 0 comm 0x7fd988002f70 [nranks=4] stream 0xc62dd60
[4pdvGPU Warn(487634:140575865030400:context.c:153)]: into cuCtxGetApiVersion ctx=0x5168cd0
ai:487636:487636 [2] NCCL INFO Broadcast: opCount 0 sendbuff 0x7fc0d9980000 recvbuff 0x7fc0d9980000 count 212480 datatype 0 op 0 root 0 comm 0x7fc0c8002f70 [nranks=4] stream 0x6b591b0
ai:487636:487636 [2] NCCL INFO Broadcast: opCount 0 sendbuff 0x7fc0dbfe9600 recvbuff 0x7fc0dbfe9600 count 424 datatype 0 op 0 root 0 comm 0x7fc0c8002f70 [nranks=4] stream 0x6b591b0
ai:487637:487637 [3] NCCL INFO Broadcast: opCount 0 sendbuff 0x7f43e4980000 recvbuff 0x7f43e4980000 count 212480 datatype 0 op 0 root 0 comm 0x7f4344002f70 [nranks=4] stream 0xcad1e40
ai:487637:487637 [3] NCCL INFO Broadcast: opCount 0 sendbuff 0x7f43e2fe9600 recvbuff 0x7f43e2fe9600 count 424 datatype 0 op 0 root 0 comm 0x7f4344002f70 [nranks=4] stream 0xcad1e40
ai:487636:487636 [2] NCCL INFO AllGather: opCount 0 sendbuff 0x7fc0dbfeea00 recvbuff 0x7fc0dbfeee00 count 516 datatype 0 op 0 root 0 comm 0x7fc0c8002f70 [nranks=4] stream 0x6b591b0
ai:487636:487636 [2] NCCL INFO AllGather: opCount 0 sendbuff 0x7fc0dbff2000 recvbuff 0x7fc0dbff2400 count 516 datatype 0 op 0 root 0 comm 0x7fc0c8002f70 [nranks=4] stream 0x6b591b0
ai:487636:487636 [2] NCCL INFO AllGather: opCount 0 sendbuff 0x7fc0dbff3600 recvbuff 0x7fc0dbff3a00 count 516 datatype 0 op 0 root 0 comm 0x7fc0c8002f70 [nranks=4] stream 0x6b591b0
ai:487636:487636 [2] NCCL INFO AllGather: opCount 0 sendbuff 0x7fc0dbffd000 recvbuff 0x7fc0dbffda00 count 2052 datatype 0 op 0 root 0 comm 0x7fc0c8002f70 [nranks=4] stream 0x6b591b0
ai:487636:487636 [2] NCCL INFO AllGather: opCount 0 sendbuff 0x7fc0d15da800 recvbuff 0x7fc0d15db200 count 2052 datatype 0 op 0 root 0 comm 0x7fc0c8002f70 [nranks=4] stream 0x6b591b0
ai:487636:487636 [2] NCCL INFO AllGather: opCount 0 sendbuff 0x7fc0d15e5c00 recvbuff 0x7fc0d15e6000 count 516 datatype 0 op 0 root 0 comm 0x7fc0c8002f70 [nranks=4] stream 0x6b591b0
ai:487636:487636 [2] NCCL INFO AllGather: opCount 0 sendbuff 0x7fc0d15f9200 recvbuff 0x7fc0d15f9600 count 516 datatype 0 op 0 root 0 comm 0x7fc0c8002f70 [nranks=4] stream 0x6b591b0
ai:487636:487636 [2] NCCL INFO AllGather: opCount 0 sendbuff 0x7fc0d15fac00 recvbuff 0x7fc0d15fb600 count 2052 datatype 0 op 0 root 0 comm 0x7fc0c8002f70 [nranks=4] stream 0x6b591b0
ai:487636:487636 [2] NCCL INFO AllGather: opCount 0 sendbuff 0x7fc0d15fe000 recvbuff 0x7fc0d15fe400 count 516 datatype 0 op 0 root 0 comm 0x7fc0c8002f70 [nranks=4] stream 0x6b591b0
ai:487636:487636 [2] NCCL INFO AllGather: opCount 0 sendbuff 0x7fc0d15ff600 recvbuff 0x7fc0d99d5e00 count 516 datatype 0 op 0 root 0 comm 0x7fc0c8002f70 [nranks=4] stream 0x6b591b0
ai:487636:487636 [2] NCCL INFO AllGather: opCount 0 sendbuff 0x7fc0d99dee00 recvbuff 0x7fc0d99df800 count 2052 datatype 0 op 0 root 0 comm 0x7fc0c8002f70 [nranks=4] stream 0x6b591b0
ai:487636:487636 [2] NCCL INFO AllGather: opCount 0 sendbuff 0x7fc0d99f2200 recvbuff 0x7fc0d99f2800 count 1028 datatype 0 op 0 root 0 comm 0x7fc0c8002f70 [nranks=4] stream 0x6b591b0
ai:487636:487636 [2] NCCL INFO AllGather: opCount 0 sendbuff 0x7fc0d99f4200 recvbuff 0x7fc0d99f4800 count 1028 datatype 0 op 0 root 0 comm 0x7fc0c8002f70 [nranks=4] stream 0x6b591b0
ai:487636:487636 [2] NCCL INFO AllGather: opCount 0 sendbuff 0x7fc0d99f6e00 recvbuff 0x7fc0d99f8000 count 4100 datatype 0 op 0 root 0 comm 0x7fc0c8002f70 [nranks=4] stream 0x6b591b0
ai:487636:487636 [2] NCCL INFO AllGather: opCount 0 sendbuff 0x7fc0d99fda00 recvbuff 0x7fc06bbe8000 count 4100 datatype 0 op 0 root 0 comm 0x7fc0c8002f70 [nranks=4] stream 0x6b591b0
ai:487636:487636 [2] NCCL INFO AllGather: opCount 0 sendbuff 0x7fc0d99fd400 recvbuff 0x7fc06bbec200 count 1028 datatype 0 op 0 root 0 comm 0x7fc0c8002f70 [nranks=4] stream 0x6b591b0
ai:487636:487636 [2] NCCL INFO AllGather: opCount 0 sendbuff 0x7fc06bbed400 recvbuff 0x7fc06bbeda00 count 1028 datatype 0 op 0 root 0 comm 0x7fc0c8002f70 [nranks=4] stream 0x6b591b0
ai:487636:487636 [2] NCCL INFO AllGather: opCount 0 sendbuff 0x7fc06bbefe00 recvbuff 0x7fc06bbf1000 count 4100 datatype 0 op 0 root 0 comm 0x7fc0c8002f70 [nranks=4] stream 0x6b591b0
ai:487636:487636 [2] NCCL INFO AllGather: opCount 0 sendbuff 0x7fc06bbef600 recvbuff 0x7fc06bbf6200 count 1028 datatype 0 op 0 root 0 comm 0x7fc0c8002f70 [nranks=4] stream 0x6b591b0
ai:487637:487637 [3] NCCL INFO AllGather: opCount 0 sendbuff 0x7f43e2feea00 recvbuff 0x7f43e2feee00 count 516 datatype 0 op 0 root 0 comm 0x7f4344002f70 [nranks=4] stream 0xcad1e40
ai:487636:487636 [2] NCCL INFO AllGather: opCount 0 sendbuff 0x7fc06bbf7a00 recvbuff 0x7fc06bbf8000 count 1028 datatype 0 op 0 root 0 comm 0x7fc0c8002f70 [nranks=4] stream 0x6b591b0
ai:487637:487637 [3] NCCL INFO AllGather: opCount 0 sendbuff 0x7f43e2ff2000 recvbuff 0x7f43e2ff2400 count 516 datatype 0 op 0 root 0 comm 0x7f4344002f70 [nranks=4] stream 0xcad1e40
ai:487636:487636 [2] NCCL INFO AllGather: opCount 0 sendbuff 0x7fc06bbfa600 recvbuff 0x7fc06bbfb800 count 4100 datatype 0 op 0 root 0 comm 0x7fc0c8002f70 [nranks=4] stream 0x6b591b0
ai:487637:487637 [3] NCCL INFO AllGather: opCount 0 sendbuff 0x7f43e2ff3600 recvbuff 0x7f43e2ff3a00 count 516 datatype 0 op 0 root 0 comm 0x7f4344002f70 [nranks=4] stream 0xcad1e40
ai:487636:487636 [2] NCCL INFO AllGather: opCount 0 sendbuff 0x7fc06bbf9800 recvbuff 0x7fc0697e9000 count 1028 datatype 0 op 0 root 0 comm 0x7fc0c8002f70 [nranks=4] stream 0x6b591b0
ai:487636:487636 [2] NCCL INFO AllGather: opCount 0 sendbuff 0x7fc0697ea200 recvbuff 0x7fc0697ea800 count 1028 datatype 0 op 0 root 0 comm 0x7fc0c8002f70 [nranks=4] stream 0x6b591b0
ai:487637:487637 [3] NCCL INFO AllGather: opCount 0 sendbuff 0x7f43e2ffd000 recvbuff 0x7f43e2ffda00 count 2052 datatype 0 op 0 root 0 comm 0x7f4344002f70 [nranks=4] stream 0xcad1e40
ai:487636:487636 [2] NCCL INFO AllGather: opCount 0 sendbuff 0x7fc0697ece00 recvbuff 0x7fc0697ee000 count 4100 datatype 0 op 0 root 0 comm 0x7fc0c8002f70 [nranks=4] stream 0x6b591b0
ai:487637:487637 [3] NCCL INFO AllGather: opCount 0 sendbuff 0x7f434b5da800 recvbuff 0x7f434b5db200 count 2052 datatype 0 op 0 root 0 comm 0x7f4344002f70 [nranks=4] stream 0xcad1e40
ai:487636:487636 [2] NCCL INFO AllGather: opCount 0 sendbuff 0x7fc0697f3200 recvbuff 0x7fc0697f3c00 count 2052 datatype 0 op 0 root 0 comm 0x7fc0c8002f70 [nranks=4] stream 0x6b591b0
ai:487637:487637 [3] NCCL INFO AllGather: opCount 0 sendbuff 0x7f434b5e5c00 recvbuff 0x7f434b5e6000 count 516 datatype 0 op 0 root 0 comm 0x7f4344002f70 [nranks=4] stream 0xcad1e40
ai:487636:487636 [2] NCCL INFO AllGather: opCount 0 sendbuff 0x7fc0697f6600 recvbuff 0x7fc0697f7000 count 2052 datatype 0 op 0 root 0 comm 0x7fc0c8002f70 [nranks=4] stream 0x6b591b0
ai:487637:487637 [3] NCCL INFO AllGather: opCount 0 sendbuff 0x7f434b5f9200 recvbuff 0x7f434b5f9600 count 516 datatype 0 op 0 root 0 comm 0x7f4344002f70 [nranks=4] stream 0xcad1e40
ai:487636:487636 [2] NCCL INFO AllGather: opCount 0 sendbuff 0x7fc0697fba00 recvbuff 0x7fc0699e8000 count 8196 datatype 0 op 0 root 0 comm 0x7fc0c8002f70 [nranks=4] stream 0x6b591b0
ai:487637:487637 [3] NCCL INFO AllGather: opCount 0 sendbuff 0x7f434b5fac00 recvbuff 0x7f434b5fb600 count 2052 datatype 0 op 0 root 0 comm 0x7f4344002f70 [nranks=4] stream 0xcad1e40
ai:487637:487637 [3] NCCL INFO AllGather: opCount 0 sendbuff 0x7f434b5fe000 recvbuff 0x7f434b5fe400 count 516 datatype 0 op 0 root 0 comm 0x7f4344002f70 [nranks=4] stream 0xcad1e40
ai:487636:487636 [2] NCCL INFO AllGather: opCount 0 sendbuff 0x7fc0699f0200 recvbuff 0x7fc0699f2400 count 8196 datatype 0 op 0 root 0 comm 0x7fc0c8002f70 [nranks=4] stream 0x6b591b0
ai:487637:487637 [3] NCCL INFO AllGather: opCount 0 sendbuff 0x7f434b5ff600 recvbuff 0x7f43e49d5e00 count 516 datatype 0 op 0 root 0 comm 0x7f4344002f70 [nranks=4] stream 0xcad1e40
ai:487636:487636 [2] NCCL INFO AllGather: opCount 0 sendbuff 0x7fc0697fa200 recvbuff 0x7fc0699fc600 count 2052 datatype 0 op 0 root 0 comm 0x7fc0c8002f70 [nranks=4] stream 0x6b591b0
ai:487636:487636 [2] NCCL INFO AllGather: opCount 0 sendbuff 0x7fc0699fe800 recvbuff 0x7fc06bde8000 count 2052 datatype 0 op 0 root 0 comm 0x7fc0c8002f70 [nranks=4] stream 0x6b591b0
ai:487636:487636 [2] NCCL INFO AllGather: opCount 0 sendbuff 0x7fc06bdec200 recvbuff 0x7fc06bdee400 count 8196 datatype 0 op 0 root 0 comm 0x7fc0c8002f70 [nranks=4] stream 0x6b591b0
ai:487637:487637 [3] NCCL INFO AllGather: opCount 0 sendbuff 0x7f43e49dee00 recvbuff 0x7f43e49df800 count 2052 datatype 0 op 0 root 0 comm 0x7f4344002f70 [nranks=4] stream 0xcad1e40
ai:487637:487637 [3] NCCL INFO AllGather: opCount 0 sendbuff 0x7f43e49f2200 recvbuff 0x7f43e49f2800 count 1028 datatype 0 op 0 root 0 comm 0x7f4344002f70 [nranks=4] stream 0xcad1e40
ai:487636:487636 [2] NCCL INFO AllGather: opCount 0 sendbuff 0x7fc06bdea200 recvbuff 0x7fc06bdf8600 count 2052 datatype 0 op 0 root 0 comm 0x7fc0c8002f70 [nranks=4] stream 0x6b591b0
ai:487636:487636 [2] NCCL INFO AllGather: opCount 0 sendbuff 0x7fc06bdeb800 recvbuff 0x7fc06bdfa800 count 2052 datatype 0 op 0 root 0 comm 0x7fc0c8002f70 [nranks=4] stream 0x6b591b0
ai:487634:487634 [0] NCCL INFO Broadcast: opCount 0 sendbuff 0x7fd995980000 recvbuff 0x7fd995980000 count 212480 datatype 0 op 0 root 0 comm 0x7fd988002f70 [nranks=4] stream 0xc62dd60
ai:487634:487634 [0] NCCL INFO Broadcast: opCount 0 sendbuff 0x7fd997fe9600 recvbuff 0x7fd997fe9600 count 424 datatype 0 op 0 root 0 comm 0x7fd988002f70 [nranks=4] stream 0xc62dd60
ai:487637:487637 [3] NCCL INFO AllGather: opCount 0 sendbuff 0x7f43e49f4200 recvbuff 0x7f43e49f4800 count 1028 datatype 0 op 0 root 0 comm 0x7f4344002f70 [nranks=4] stream 0xcad1e40
ai:487636:487636 [2] NCCL INFO AllGather: opCount 0 sendbuff 0x7fc073be0000 recvbuff 0x7fc073be2200 count 8196 datatype 0 op 0 root 0 comm 0x7fc0c8002f70 [nranks=4] stream 0x6b591b0
ai:487636:487636 [2] NCCL INFO AllGather: opCount 0 sendbuff 0x7fc06bdfda00 recvbuff 0x7fc073bec400 count 2052 datatype 0 op 0 root 0 comm 0x7fc0c8002f70 [nranks=4] stream 0x6b591b0
ai:487637:487637 [3] NCCL INFO AllGather: opCount 0 sendbuff 0x7f43e49f6e00 recvbuff 0x7f43e49f8000 count 4100 datatype 0 op 0 root 0 comm 0x7f4344002f70 [nranks=4] stream 0xcad1e40
ai:487636:487636 [2] NCCL INFO AllGather: opCount 0 sendbuff 0x7fc06bdff000 recvbuff 0x7fc073bee600 count 2052 datatype 0 op 0 root 0 comm 0x7fc0c8002f70 [nranks=4] stream 0x6b591b0
ai:487637:487637 [3] NCCL INFO AllGather: opCount 0 sendbuff 0x7f43e49fda00 recvbuff 0x7f42e25e8000 count 4100 datatype 0 op 0 root 0 comm 0x7f4344002f70 [nranks=4] stream 0xcad1e40
ai:487636:487636 [2] NCCL INFO AllGather: opCount 0 sendbuff 0x7fc073bf2c00 recvbuff 0x7fc073bf4e00 count 8196 datatype 0 op 0 root 0 comm 0x7fc0c8002f70 [nranks=4] stream 0x6b591b0
ai:487637:487637 [3] NCCL INFO AllGather: opCount 0 sendbuff 0x7f43e49fd400 recvbuff 0x7f42e25ec200 count 1028 datatype 0 op 0 root 0 comm 0x7f4344002f70 [nranks=4] stream 0xcad1e40
ai:487636:487636 [2] NCCL INFO AllGather: opCount 0 sendbuff 0x7fc073bff600 recvbuff 0x7fc064ec0000 count 2052 datatype 0 op 0 root 0 comm 0x7fc0c8002f70 [nranks=4] stream 0x6b591b0
ai:487637:487637 [3] NCCL INFO AllGather: opCount 0 sendbuff 0x7f42e25ed400 recvbuff 0x7f42e25eda00 count 1028 datatype 0 op 0 root 0 comm 0x7f4344002f70 [nranks=4] stream 0xcad1e40
ai:487637:487637 [3] NCCL INFO AllGather: opCount 0 sendbuff 0x7f42e25efe00 recvbuff 0x7f42e25f1000 count 4100 datatype 0 op 0 root 0 comm 0x7f4344002f70 [nranks=4] stream 0xcad1e40
ai:487637:487637 [3] NCCL INFO AllGather: opCount 0 sendbuff 0x7f42e25ef600 recvbuff 0x7f42e25f6200 count 1028 datatype 0 op 0 root 0 comm 0x7f4344002f70 [nranks=4] stream 0xcad1e40
ai:487636:487636 [2] NCCL INFO AllGather: opCount 0 sendbuff 0x7fc073bf1800 recvbuff 0x7fc064f42200 count 2052 datatype 0 op 0 root 0 comm 0x7fc0c8002f70 [nranks=4] stream 0x6b591b0
ai:487637:487637 [3] NCCL INFO AllGather: opCount 0 sendbuff 0x7f42e25f7a00 recvbuff 0x7f42e25f8000 count 1028 datatype 0 op 0 root 0 comm 0x7f4344002f70 [nranks=4] stream 0xcad1e40
ai:487636:487636 [2] NCCL INFO AllGather: opCount 0 sendbuff 0x7fc064f86400 recvbuff 0x7fc064f88600 count 8196 datatype 0 op 0 root 0 comm 0x7fc0c8002f70 [nranks=4] stream 0x6b591b0
ai:487637:487637 [3] NCCL INFO AllGather: opCount 0 sendbuff 0x7f42e25fa600 recvbuff 0x7f42e25fb800 count 4100 datatype 0 op 0 root 0 comm 0x7f4344002f70 [nranks=4] stream 0xcad1e40
ai:487636:487636 [2] NCCL INFO AllGather: opCount 0 sendbuff 0x7fc064f84a00 recvbuff 0x7fc064fd2800 count 2052 datatype 0 op 0 root 0 comm 0x7fc0c8002f70 [nranks=4] stream 0x6b591b0
ai:487636:487636 [2] NCCL INFO AllGather: opCount 0 sendbuff 0x7fc064fd4a00 recvbuff 0x7fc064fd5400 count 2052 datatype 0 op 0 root 0 comm 0x7fc0c8002f70 [nranks=4] stream 0x6b591b0
ai:487637:487637 [3] NCCL INFO AllGather: opCount 0 sendbuff 0x7f42e25f9800 recvbuff 0x7f42e11e9000 count 1028 datatype 0 op 0 root 0 comm 0x7f4344002f70 [nranks=4] stream 0xcad1e40
ai:487637:487637 [3] NCCL INFO AllGather: opCount 0 sendbuff 0x7f42e11ea200 recvbuff 0x7f42e11ea800 count 1028 datatype 0 op 0 root 0 comm 0x7f4344002f70 [nranks=4] stream 0xcad1e40
ai:487636:487636 [2] NCCL INFO AllGather: opCount 0 sendbuff 0x7fc064fd9a00 recvbuff 0x7fc064fdbc00 count 8196 datatype 0 op 0 root 0 comm 0x7fc0c8002f70 [nranks=4] stream 0x6b591b0
ai:487637:487637 [3] NCCL INFO AllGather: opCount 0 sendbuff 0x7f42e11ece00 recvbuff 0x7f42e11ee000 count 4100 datatype 0 op 0 root 0 comm 0x7f4344002f70 [nranks=4] stream 0xcad1e40
ai:487637:487637 [3] NCCL INFO AllGather: opCount 0 sendbuff 0x7f42e11f3200 recvbuff 0x7f42e11f3c00 count 2052 datatype 0 op 0 root 0 comm 0x7f4344002f70 [nranks=4] stream 0xcad1e40
ai:487636:487636 [2] NCCL INFO AllGather: opCount 0 sendbuff 0x7fc064fe5e00 recvbuff 0x7fc064fe7000 count 4100 datatype 0 op 0 root 0 comm 0x7fc0c8002f70 [nranks=4] stream 0x6b591b0
ai:487634:487634 [0] NCCL INFO AllGather: opCount 0 sendbuff 0x7fd997fee800 recvbuff 0x7fd997feec00 count 516 datatype 0 op 0 root 0 comm 0x7fd988002f70 [nranks=4] stream 0xc62dd60
ai:487636:487636 [2] NCCL INFO AllGather: opCount 0 sendbuff 0x7fc064feba00 recvbuff 0x7fc064fecc00 count 4100 datatype 0 op 0 root 0 comm 0x7fc0c8002f70 [nranks=4] stream 0x6b591b0
ai:487637:487637 [3] NCCL INFO AllGather: opCount 0 sendbuff 0x7f42e11f6600 recvbuff 0x7f42e11f7000 count 2052 datatype 0 op 0 root 0 comm 0x7f4344002f70 [nranks=4] stream 0xcad1e40
ai:487636:487636 [2] NCCL INFO AllGather: opCount 0 sendbuff 0x7fc064ff5e00 recvbuff 0x7fc060100000 count 16388 datatype 0 op 0 root 0 comm 0x7fc0c8002f70 [nranks=4] stream 0x6b591b0
ai:487634:487634 [0] NCCL INFO AllGather: opCount 0 sendbuff 0x7fd997ff1e00 recvbuff 0x7fd997ff2200 count 516 datatype 0 op 0 root 0 comm 0x7fd988002f70 [nranks=4] stream 0xc62dd60
ai:487636:487636 [2] NCCL INFO AllGather: opCount 0 sendbuff 0x7fc060190200 recvbuff 0x7fc060194400 count 16388 datatype 0 op 0 root 0 comm 0x7fc0c8002f70 [nranks=4] stream 0x6b591b0
ai:487636:487636 [2] NCCL INFO AllGather: opCount 0 sendbuff 0x7fc064ff2600 recvbuff 0x7fc0601c6600 count 4100 datatype 0 op 0 root 0 comm 0x7fc0c8002f70 [nranks=4] stream 0x6b591b0
ai:487634:487634 [0] NCCL INFO AllGather: opCount 0 sendbuff 0x7fd997ff3400 recvbuff 0x7fd997ff3800 count 516 datatype 0 op 0 root 0 comm 0x7fd988002f70 [nranks=4] stream 0xc62dd60
ai:487637:487637 [3] NCCL INFO AllGather: opCount 0 sendbuff 0x7f42e11fba00 recvbuff 0x7f42de1e8000 count 8196 datatype 0 op 0 root 0 comm 0x7f4344002f70 [nranks=4] stream 0xcad1e40
ai:487636:487636 [2] NCCL INFO AllGather: opCount 0 sendbuff 0x7fc0601ea800 recvbuff 0x7fc0601eba00 count 4100 datatype 0 op 0 root 0 comm 0x7fc0c8002f70 [nranks=4] stream 0x6b591b0
ai:487634:487634 [0] NCCL INFO AllGather: opCount 0 sendbuff 0x7fd997ffce00 recvbuff 0x7fd997ffd800 count 2052 datatype 0 op 0 root 0 comm 0x7fd988002f70 [nranks=4] stream 0xc62dd60
ai:487635:487635 [1] NCCL INFO Broadcast: opCount 0 sendbuff 0x7f0539980000 recvbuff 0x7f0539980000 count 212480 datatype 0 op 0 root 0 comm 0x7f0528002f70 [nranks=4] stream 0xc9e1f80
ai:487635:487635 [1] NCCL INFO Broadcast: opCount 0 sendbuff 0x7f053bfe9600 recvbuff 0x7f053bfe9600 count 424 datatype 0 op 0 root 0 comm 0x7f0528002f70 [nranks=4] stream 0xc9e1f80
ai:487637:487637 [3] NCCL INFO AllGather: opCount 0 sendbuff 0x7f42de1f0200 recvbuff 0x7f42de1f2400 count 8196 datatype 0 op 0 root 0 comm 0x7f4344002f70 [nranks=4] stream 0xcad1e40
ai:487636:487636 [2] NCCL INFO AllGather: opCount 0 sendbuff 0x7fc0601f3c00 recvbuff 0x7fc060740000 count 16388 datatype 0 op 0 root 0 comm 0x7fc0c8002f70 [nranks=4] stream 0x6b591b0
ai:487634:487634 [0] NCCL INFO AllGather: opCount 0 sendbuff 0x7fd98d5da600 recvbuff 0x7fd98d5db000 count 2052 datatype 0 op 0 root 0 comm 0x7fd988002f70 [nranks=4] stream 0xc62dd60
ai:487636:487636 [2] NCCL INFO AllGather: opCount 0 sendbuff 0x7fc0601f0400 recvbuff 0x7fc0601fbe00 count 4100 datatype 0 op 0 root 0 comm 0x7fc0c8002f70 [nranks=4] stream 0x6b591b0
ai:487637:487637 [3] NCCL INFO AllGather: opCount 0 sendbuff 0x7f42e11fa000 recvbuff 0x7f42de1fc600 count 2052 datatype 0 op 0 root 0 comm 0x7f4344002f70 [nranks=4] stream 0xcad1e40
ai:487637:487637 [3] NCCL INFO AllGather: opCount 0 sendbuff 0x7f42de1fe800 recvbuff 0x7f42e1be8000 count 2052 datatype 0 op 0 root 0 comm 0x7f4344002f70 [nranks=4] stream 0xcad1e40
ai:487636:487636 [2] NCCL INFO AllGather: opCount 0 sendbuff 0x7fc0601f2600 recvbuff 0x7fc0607f0200 count 4100 datatype 0 op 0 root 0 comm 0x7fc0c8002f70 [nranks=4] stream 0x6b591b0
ai:487634:487634 [0] NCCL INFO AllGather: opCount 0 sendbuff 0x7fd98d5e5a00 recvbuff 0x7fd98d5e5e00 count 516 datatype 0 op 0 root 0 comm 0x7fd988002f70 [nranks=4] stream 0xc62dd60
ai:487636:487636 [2] NCCL INFO AllGather: opCount 0 sendbuff 0x7fc0607f9400 recvbuff 0x7fc0d99a0000 count 16388 datatype 0 op 0 root 0 comm 0x7fc0c8002f70 [nranks=4] stream 0x6b591b0
ai:487634:487634 [0] NCCL INFO AllGather: opCount 0 sendbuff 0x7fd98d5f9000 recvbuff 0x7fd98d5f9400 count 516 datatype 0 op 0 root 0 comm 0x7fd988002f70 [nranks=4] stream 0xc62dd60
ai:487637:487637 [3] NCCL INFO AllGather: opCount 0 sendbuff 0x7f42e1bec200 recvbuff 0x7f42e1bee400 count 8196 datatype 0 op 0 root 0 comm 0x7f4344002f70 [nranks=4] stream 0xcad1e40
ai:487634:487634 [0] NCCL INFO AllGather: opCount 0 sendbuff 0x7fd98d5faa00 recvbuff 0x7fd98d5fb400 count 2052 datatype 0 op 0 root 0 comm 0x7fd988002f70 [nranks=4] stream 0xc62dd60
ai:487636:487636 [2] NCCL INFO AllGather: opCount 0 sendbuff 0x7fc0607ff600 recvbuff 0x7fc064fd7c00 count 516 datatype 0 op 0 root 0 comm 0x7fc0c8002f70 [nranks=4] stream 0x6b591b0
ai:487637:487637 [3] NCCL INFO AllGather: opCount 0 sendbuff 0x7f42e1bea200 recvbuff 0x7f42e1bf8600 count 2052 datatype 0 op 0 root 0 comm 0x7f4344002f70 [nranks=4] stream 0xcad1e40
ai:487634:487634 [0] NCCL INFO AllGather: opCount 0 sendbuff 0x7fd98d5fde00 recvbuff 0x7fd98d5fe200 count 516 datatype 0 op 0 root 0 comm 0x7fd988002f70 [nranks=4] stream 0xc62dd60
ai:487637:487637 [3] NCCL INFO AllGather: opCount 0 sendbuff 0x7f42e1beb600 recvbuff 0x7f42e1bfa800 count 2052 datatype 0 op 0 root 0 comm 0x7f4344002f70 [nranks=4] stream 0xcad1e40
ai:487636:487636 [2] NCCL INFO AllGather: opCount 0 sendbuff 0x7fc0d99b2200 recvbuff 0x7fc0d99b2600 count 516 datatype 0 op 0 root 0 comm 0x7fc0c8002f70 [nranks=4] stream 0x6b591b0
ai:487634:487634 [0] NCCL INFO AllGather: opCount 0 sendbuff 0x7fd98d5ff400 recvbuff 0x7fd9959a2000 count 516 datatype 0 op 0 root 0 comm 0x7fd988002f70 [nranks=4] stream 0xc62dd60
ai:487636:487636 [2] NCCL INFO AllGather: opCount 0 sendbuff 0x7fc0d99b3600 recvbuff 0x7fc0607f5400 count 516 datatype 0 op 0 root 0 comm 0x7fc0c8002f70 [nranks=4] stream 0x6b591b0
ai:487637:487637 [3] NCCL INFO AllGather: opCount 0 sendbuff 0x7f42de7e0000 recvbuff 0x7f42de7e2200 count 8196 datatype 0 op 0 root 0 comm 0x7f4344002f70 [nranks=4] stream 0xcad1e40
ai:487636:487636 [2] NCCL INFO AllGather: opCount 0 sendbuff 0x7fc0607f6600 recvbuff 0x7fc0607f7000 count 2052 datatype 0 op 0 root 0 comm 0x7fc0c8002f70 [nranks=4] stream 0x6b591b0
ai:487634:487634 [0] NCCL INFO AllGather: opCount 0 sendbuff 0x7fd9959aae00 recvbuff 0x7fd9959ab800 count 2052 datatype 0 op 0 root 0 comm 0x7fd988002f70 [nranks=4] stream 0xc62dd60
ai:487637:487637 [3] NCCL INFO AllGather: opCount 0 sendbuff 0x7f42e1bfd800 recvbuff 0x7f42de7ec400 count 2052 datatype 0 op 0 root 0 comm 0x7f4344002f70 [nranks=4] stream 0xcad1e40
ai:487636:487636 [2] NCCL INFO AllGather: opCount 0 sendbuff 0x7fc061dc0800 recvbuff 0x7fc061dc1200 count 2052 datatype 0 op 0 root 0 comm 0x7fc0c8002f70 [nranks=4] stream 0x6b591b0
ai:487637:487637 [3] NCCL INFO AllGather: opCount 0 sendbuff 0x7f42e1bfee00 recvbuff 0x7f42de7ee600 count 2052 datatype 0 op 0 root 0 comm 0x7f4344002f70 [nranks=4] stream 0xcad1e40
ai:487636:487636 [2] NCCL INFO AllGather: opCount 0 sendbuff 0x7fc0607f6000 recvbuff 0x7fc061dc3c00 count 516 datatype 0 op 0 root 0 comm 0x7fc0c8002f70 [nranks=4] stream 0x6b591b0
ai:487634:487634 [0] NCCL INFO AllGather: opCount 0 sendbuff 0x7fd9959be200 recvbuff 0x7fd9959be800 count 1028 datatype 0 op 0 root 0 comm 0x7fd988002f70 [nranks=4] stream 0xc62dd60
ai:487637:487637 [3] NCCL INFO AllGather: opCount 0 sendbuff 0x7f42de7f2800 recvbuff 0x7f42de7f4a00 count 8196 datatype 0 op 0 root 0 comm 0x7f4344002f70 [nranks=4] stream 0xcad1e40
ai:487636:487636 [2] NCCL INFO AllGather: opCount 0 sendbuff 0x7fc061dc4c00 recvbuff 0x7fc061dc5000 count 516 datatype 0 op 0 root 0 comm 0x7fc0c8002f70 [nranks=4] stream 0x6b591b0
ai:487637:487637 [3] NCCL INFO AllGather: opCount 0 sendbuff 0x7f42de7ff400 recvbuff 0x7f43e4980000 count 2052 datatype 0 op 0 root 0 comm 0x7f4344002f70 [nranks=4] stream 0xcad1e40
ai:487636:487636 [2] NCCL INFO AllGather: opCount 0 sendbuff 0x7fc061dc6600 recvbuff 0x7fc061dc7000 count 2052 datatype 0 op 0 root 0 comm 0x7fc0c8002f70 [nranks=4] stream 0x6b591b0
ai:487634:487634 [0] NCCL INFO AllGather: opCount 0 sendbuff 0x7fd925bc8400 recvbuff 0x7fd925bc8a00 count 1028 datatype 0 op 0 root 0 comm 0x7fd988002f70 [nranks=4] stream 0xc62dd60
ai:487637:487637 [3] NCCL INFO AllGather: opCount 0 sendbuff 0x7f42de7f1200 recvbuff 0x7f43e4982200 count 2052 datatype 0 op 0 root 0 comm 0x7f4344002f70 [nranks=4] stream 0xcad1e40
ai:487637:487637 [3] NCCL INFO AllGather: opCount 0 sendbuff 0x7f43e4986400 recvbuff 0x7f43e4988600 count 8196 datatype 0 op 0 root 0 comm 0x7f4344002f70 [nranks=4] stream 0xcad1e40
ai:487634:487634 [0] NCCL INFO AllGather: opCount 0 sendbuff 0x7fd925beb000 recvbuff 0x7fd925bec200 count 4100 datatype 0 op 0 root 0 comm 0x7fd988002f70 [nranks=4] stream 0xc62dd60
ai:487637:487637 [3] NCCL INFO AllGather: opCount 0 sendbuff 0x7f43e4984800 recvbuff 0x7f43e4992800 count 2052 datatype 0 op 0 root 0 comm 0x7f4344002f70 [nranks=4] stream 0xcad1e40
ai:487636:487636 [2] NCCL INFO AllGather: opCount 0 sendbuff 0x7fc061dc6200 recvbuff 0x7fc061dc9a00 count 516 datatype 0 op 0 root 0 comm 0x7fc0c8002f70 [nranks=4] stream 0x6b591b0
ai:487637:487637 [3] NCCL INFO AllGather: opCount 0 sendbuff 0x7f43e4994a00 recvbuff 0x7f43e4995400 count 2052 datatype 0 op 0 root 0 comm 0x7f4344002f70 [nranks=4] stream 0xcad1e40
ai:487634:487634 [0] NCCL INFO AllGather: opCount 0 sendbuff 0x7fd925bf1c00 recvbuff 0x7fd925bf2e00 count 4100 datatype 0 op 0 root 0 comm 0x7fd988002f70 [nranks=4] stream 0xc62dd60
ai:487637:487637 [3] NCCL INFO AllGather: opCount 0 sendbuff 0x7f43e4999a00 recvbuff 0x7f43e499bc00 count 8196 datatype 0 op 0 root 0 comm 0x7f4344002f70 [nranks=4] stream 0xcad1e40
ai:487636:487636 [2] NCCL INFO AllGather: opCount 0 sendbuff 0x7fc061dcaa00 recvbuff 0x7fc061dcae00 count 516 datatype 0 op 0 root 0 comm 0x7fc0c8002f70 [nranks=4] stream 0x6b591b0
ai:487636:487636 [2] NCCL INFO AllGather: opCount 0 sendbuff 0x7fc061dcc400 recvbuff 0x7fc061dcce00 count 2052 datatype 0 op 0 root 0 comm 0x7fc0c8002f70 [nranks=4] stream 0x6b591b0
ai:487637:487637 [3] NCCL INFO AllGather: opCount 0 sendbuff 0x7f43e49a5e00 recvbuff 0x7f43e49a7000 count 4100 datatype 0 op 0 root 0 comm 0x7f4344002f70 [nranks=4] stream 0xcad1e40
ai:487634:487634 [0] NCCL INFO AllGather: opCount 0 sendbuff 0x7fd925bea200 recvbuff 0x7fd925bf8000 count 1028 datatype 0 op 0 root 0 comm 0x7fd988002f70 [nranks=4] stream 0xc62dd60
ai:487636:487636 [2] NCCL INFO AllGather: opCount 0 sendbuff 0x7fc061dcf800 recvbuff 0x7fc061dcfe00 count 1028 datatype 0 op 0 root 0 comm 0x7fc0c8002f70 [nranks=4] stream 0x6b591b0
ai:487637:487637 [3] NCCL INFO AllGather: opCount 0 sendbuff 0x7f43e49ab400 recvbuff 0x7f43e49ac600 count 4100 datatype 0 op 0 root 0 comm 0x7f4344002f70 [nranks=4] stream 0xcad1e40
ai:487634:487634 [0] NCCL INFO AllGather: opCount 0 sendbuff 0x7fd925bf9200 recvbuff 0x7fd925bf9800 count 1028 datatype 0 op 0 root 0 comm 0x7fd988002f70 [nranks=4] stream 0xc62dd60
ai:487634:487634 [0] NCCL INFO AllGather: opCount 0 sendbuff 0x7fd925bfbe00 recvbuff 0x7fd9235e8000 count 4100 datatype 0 op 0 root 0 comm 0x7fd988002f70 [nranks=4] stream 0xc62dd60
ai:487637:487637 [3] NCCL INFO AllGather: opCount 0 sendbuff 0x7f42da4c2000 recvbuff 0x7f42da4c6200 count 16388 datatype 0 op 0 root 0 comm 0x7f4344002f70 [nranks=4] stream 0xcad1e40
ai:487634:487634 [0] NCCL INFO AllGather: opCount 0 sendbuff 0x7fd925bfb600 recvbuff 0x7fd925bfe000 count 1028 datatype 0 op 0 root 0 comm 0x7fd988002f70 [nranks=4] stream 0xc62dd60
ai:487637:487637 [3] NCCL INFO AllGather: opCount 0 sendbuff 0x7f42da5da400 recvbuff 0x7f42da5de600 count 16388 datatype 0 op 0 root 0 comm 0x7f4344002f70 [nranks=4] stream 0xcad1e40
ai:487636:487636 [2] NCCL INFO AllGather: opCount 0 sendbuff 0x7fc061dd1200 recvbuff 0x7fc061dd1800 count 1028 datatype 0 op 0 root 0 comm 0x7fc0c8002f70 [nranks=4] stream 0x6b591b0
ai:487636:487636 [2] NCCL INFO AllGather: opCount 0 sendbuff 0x7fc061dd3e00 recvbuff 0x7fc061dd5000 count 4100 datatype 0 op 0 root 0 comm 0x7fc0c8002f70 [nranks=4] stream 0x6b591b0
ai:487636:487636 [2] NCCL INFO AllGather: opCount 0 sendbuff 0x7fc061dda200 recvbuff 0x7fc061ddb400 count 4100 datatype 0 op 0 root 0 comm 0x7fc0c8002f70 [nranks=4] stream 0x6b591b0
ai:487634:487634 [0] NCCL INFO AllGather: opCount 0 sendbuff 0x7fd925bff800 recvbuff 0x7fd9235ec200 count 1028 datatype 0 op 0 root 0 comm 0x7fd988002f70 [nranks=4] stream 0xc62dd60
ai:487636:487636 [2] NCCL INFO AllGather: opCount 0 sendbuff 0x7fc061dd3400 recvbuff 0x7fc061de0600 count 1028 datatype 0 op 0 root 0 comm 0x7fc0c8002f70 [nranks=4] stream 0x6b591b0
ai:487634:487634 [0] NCCL INFO AllGather: opCount 0 sendbuff 0x7fd9235ee600 recvbuff 0x7fd9235ef800 count 4100 datatype 0 op 0 root 0 comm 0x7fd988002f70 [nranks=4] stream 0xc62dd60
ai:487637:487637 [3] NCCL INFO AllGather: opCount 0 sendbuff 0x7f42da4c0800 recvbuff 0x7f42da5f2800 count 4100 datatype 0 op 0 root 0 comm 0x7f4344002f70 [nranks=4] stream 0xcad1e40
ai:487634:487634 [0] NCCL INFO AllGather: opCount 0 sendbuff 0x7fd9235ede00 recvbuff 0x7fd9235f4a00 count 1028 datatype 0 op 0 root 0 comm 0x7fd988002f70 [nranks=4] stream 0xc62dd60
ai:487636:487636 [2] NCCL INFO AllGather: opCount 0 sendbuff 0x7fc061de1a00 recvbuff 0x7fc061de2000 count 1028 datatype 0 op 0 root 0 comm 0x7fc0c8002f70 [nranks=4] stream 0x6b591b0
ai:487634:487634 [0] NCCL INFO AllGather: opCount 0 sendbuff 0x7fd9235f6200 recvbuff 0x7fd9235f6800 count 1028 datatype 0 op 0 root 0 comm 0x7fd988002f70 [nranks=4] stream 0xc62dd60
ai:487636:487636 [2] NCCL INFO AllGather: opCount 0 sendbuff 0x7fc061de4600 recvbuff 0x7fc061de5800 count 4100 datatype 0 op 0 root 0 comm 0x7fc0c8002f70 [nranks=4] stream 0x6b591b0
ai:487634:487634 [0] NCCL INFO AllGather: opCount 0 sendbuff 0x7fd9235f8e00 recvbuff 0x7fd9235fa000 count 4100 datatype 0 op 0 root 0 comm 0x7fd988002f70 [nranks=4] stream 0xc62dd60
ai:487636:487636 [2] NCCL INFO AllGather: opCount 0 sendbuff 0x7fc061de3a00 recvbuff 0x7fc061deaa00 count 1028 datatype 0 op 0 root 0 comm 0x7fc0c8002f70 [nranks=4] stream 0x6b591b0
ai:487637:487637 [3] NCCL INFO AllGather: opCount 0 sendbuff 0x7f43e49b2800 recvbuff 0x7f42da5f6a00 count 4100 datatype 0 op 0 root 0 comm 0x7f4344002f70 [nranks=4] stream 0xcad1e40
ai:487634:487634 [0] NCCL INFO AllGather: opCount 0 sendbuff 0x7fd9235f7e00 recvbuff 0x7fd9239e8000 count 2052 datatype 0 op 0 root 0 comm 0x7fd988002f70 [nranks=4] stream 0xc62dd60
ai:487637:487637 [3] NCCL INFO AllGather: opCount 0 sendbuff 0x7f42da700000 recvbuff 0x7f42da704200 count 16388 datatype 0 op 0 root 0 comm 0x7f4344002f70 [nranks=4] stream 0xcad1e40
ai:487636:487636 [2] NCCL INFO AllGather: opCount 0 sendbuff 0x7fc061debc00 recvbuff 0x7fc061dec200 count 1028 datatype 0 op 0 root 0 comm 0x7fc0c8002f70 [nranks=4] stream 0x6b591b0
ai:487637:487637 [3] NCCL INFO AllGather: opCount 0 sendbuff 0x7f42da5fc400 recvbuff 0x7f42da7b8400 count 4100 datatype 0 op 0 root 0 comm 0x7f4344002f70 [nranks=4] stream 0xcad1e40
ai:487636:487636 [2] NCCL INFO AllGather: opCount 0 sendbuff 0x7fc061dee800 recvbuff 0x7fc061defa00 count 4100 datatype 0 op 0 root 0 comm 0x7fc0c8002f70 [nranks=4] stream 0x6b591b0
ai:487634:487634 [0] NCCL INFO AllGather: opCount 0 sendbuff 0x7fd9239ea600 recvbuff 0x7fd9239eb000 count 2052 datatype 0 op 0 root 0 comm 0x7fd988002f70 [nranks=4] stream 0xc62dd60
ai:487636:487636 [2] NCCL INFO AllGather: opCount 0 sendbuff 0x7fc061dedc00 recvbuff 0x7fc061df4c00 count 1028 datatype 0 op 0 root 0 comm 0x7fc0c8002f70 [nranks=4] stream 0x6b591b0
ai:487637:487637 [3] NCCL INFO AllGather: opCount 0 sendbuff 0x7f42da5fe600 recvbuff 0x7f42dbc00000 count 4100 datatype 0 op 0 root 0 comm 0x7f4344002f70 [nranks=4] stream 0xcad1e40
ai:487634:487634 [0] NCCL INFO AllGather: opCount 0 sendbuff 0x7fd9239efa00 recvbuff 0x7fd9239f1c00 count 8196 datatype 0 op 0 root 0 comm 0x7fd988002f70 [nranks=4] stream 0xc62dd60
ai:487637:487637 [3] NCCL INFO AllGather: opCount 0 sendbuff 0x7f42dbca6200 recvbuff 0x7f42dbcaa400 count 16388 datatype 0 op 0 root 0 comm 0x7f4344002f70 [nranks=4] stream 0xcad1e40
ai:487636:487636 [2] NCCL INFO AllGather: opCount 0 sendbuff 0x7fc061df5e00 recvbuff 0x7fc061df6400 count 1028 datatype 0 op 0 root 0 comm 0x7fc0c8002f70 [nranks=4] stream 0x6b591b0
ai:487637:487637 [3] NCCL INFO AllGather: opCount 0 sendbuff 0x7f43e4998000 recvbuff 0x7f42dbca4200 count 516 datatype 0 op 0 root 0 comm 0x7f4344002f70 [nranks=4] stream 0xcad1e40
ai:487636:487636 [2] NCCL INFO AllGather: opCount 0 sendbuff 0x7fc061df8a00 recvbuff 0x7fc061df9c00 count 4100 datatype 0 op 0 root 0 comm 0x7fc0c8002f70 [nranks=4] stream 0x6b591b0
ai:487634:487634 [0] NCCL INFO AllGather: opCount 0 sendbuff 0x7fd9239fbe00 recvbuff 0x7fd923bc8000 count 8196 datatype 0 op 0 root 0 comm 0x7fd988002f70 [nranks=4] stream 0xc62dd60
ai:487636:487636 [2] NCCL INFO AllGather: opCount 0 sendbuff 0x7fc061dfee00 recvbuff 0x7fc061fc0000 count 2052 datatype 0 op 0 root 0 comm 0x7fc0c8002f70 [nranks=4] stream 0x6b591b0
ai:487637:487637 [3] NCCL INFO AllGather: opCount 0 sendbuff 0x7f42dbca4c00 recvbuff 0x7f42dbca5000 count 516 datatype 0 op 0 root 0 comm 0x7f4344002f70 [nranks=4] stream 0xcad1e40
ai:487634:487634 [0] NCCL INFO AllGather: opCount 0 sendbuff 0x7fd9239ee600 recvbuff 0x7fd923bd0200 count 2052 datatype 0 op 0 root 0 comm 0x7fd988002f70 [nranks=4] stream 0xc62dd60
ai:487636:487636 [2] NCCL INFO AllGather: opCount 0 sendbuff 0x7fc061fc2200 recvbuff 0x7fc061fc2c00 count 2052 datatype 0 op 0 root 0 comm 0x7fc0c8002f70 [nranks=4] stream 0x6b591b0
ai:487637:487637 [3] NCCL INFO AllGather: opCount 0 sendbuff 0x7f42dbca5e00 recvbuff 0x7f42da7fd600 count 516 datatype 0 op 0 root 0 comm 0x7f4344002f70 [nranks=4] stream 0xcad1e40
ai:487634:487634 [0] NCCL INFO AllGather: opCount 0 sendbuff 0x7fd923bd2600 recvbuff 0x7fd923bd3000 count 2052 datatype 0 op 0 root 0 comm 0x7fd988002f70 [nranks=4] stream 0xc62dd60
ai:487637:487637 [3] NCCL INFO AllGather: opCount 0 sendbuff 0x7f42da7fec00 recvbuff 0x7f42dbfc0000 count 2052 datatype 0 op 0 root 0 comm 0x7f4344002f70 [nranks=4] stream 0xcad1e40
ai:487636:487636 [2] NCCL INFO AllGather: opCount 0 sendbuff 0x7fc061fc7200 recvbuff 0x7fc061fc9400 count 8196 datatype 0 op 0 root 0 comm 0x7fc0c8002f70 [nranks=4] stream 0x6b591b0
ai:487634:487634 [0] NCCL INFO AllGather: opCount 0 sendbuff 0x7fd923bd7a00 recvbuff 0x7fd923bd9c00 count 8196 datatype 0 op 0 root 0 comm 0x7fd988002f70 [nranks=4] stream 0xc62dd60
ai:487637:487637 [3] NCCL INFO AllGather: opCount 0 sendbuff 0x7f42dbfc2200 recvbuff 0x7f42dbfc2c00 count 2052 datatype 0 op 0 root 0 comm 0x7f4344002f70 [nranks=4] stream 0xcad1e40
ai:487636:487636 [2] NCCL INFO AllGather: opCount 0 sendbuff 0x7fc061fd3600 recvbuff 0x7fc061fd5800 count 8196 datatype 0 op 0 root 0 comm 0x7fc0c8002f70 [nranks=4] stream 0x6b591b0
ai:487634:487634 [0] NCCL INFO AllGather: opCount 0 sendbuff 0x7fd923bd6200 recvbuff 0x7fd923be3e00 count 2052 datatype 0 op 0 root 0 comm 0x7fd988002f70 [nranks=4] stream 0xc62dd60
ai:487637:487637 [3] NCCL INFO AllGather: opCount 0 sendbuff 0x7f42da7fe800 recvbuff 0x7f42dbfc5600 count 516 datatype 0 op 0 root 0 comm 0x7f4344002f70 [nranks=4] stream 0xcad1e40
ai:487636:487636 [2] NCCL INFO AllGather: opCount 0 sendbuff 0x7fc061fc5600 recvbuff 0x7fc061fdfa00 count 2052 datatype 0 op 0 root 0 comm 0x7fc0c8002f70 [nranks=4] stream 0x6b591b0
ai:487635:487635 [1] NCCL INFO AllGather: opCount 0 sendbuff 0x7f053bfee800 recvbuff 0x7f053bfeec00 count 516 datatype 0 op 0 root 0 comm 0x7f0528002f70 [nranks=4] stream 0xc9e1f80
ai:487637:487637 [3] NCCL INFO AllGather: opCount 0 sendbuff 0x7f43e2feec00 recvbuff 0x7f42dbfc6400 count 516 datatype 0 op 0 root 0 comm 0x7f4344002f70 [nranks=4] stream 0xcad1e40
ai:487634:487634 [0] NCCL INFO AllGather: opCount 0 sendbuff 0x7fd997fee800 recvbuff 0x7fd923be6000 count 2052 datatype 0 op 0 root 0 comm 0x7fd988002f70 [nranks=4] stream 0xc62dd60
ai:487636:487636 [2] NCCL INFO AllGather: opCount 0 sendbuff 0x7fc0dbfeea00 recvbuff 0x7fc061fe1c00 count 2052 datatype 0 op 0 root 0 comm 0x7fc0c8002f70 [nranks=4] stream 0x6b591b0
ai:487637:487637 [3] NCCL INFO AllGather: opCount 0 sendbuff 0x7f42dbfc7200 recvbuff 0x7f42dbfc7c00 count 2052 datatype 0 op 0 root 0 comm 0x7f4344002f70 [nranks=4] stream 0xcad1e40
ai:487634:487634 [0] NCCL INFO AllGather: opCount 0 sendbuff 0x7fd923bea600 recvbuff 0x7fd923bec800 count 8196 datatype 0 op 0 root 0 comm 0x7fd988002f70 [nranks=4] stream 0xc62dd60
ai:487637:487637 [3] NCCL INFO AllGather: opCount 0 sendbuff 0x7f43e2fef400 recvbuff 0x7f42dbfca600 count 516 datatype 0 op 0 root 0 comm 0x7f4344002f70 [nranks=4] stream 0xcad1e40
ai:487635:487635 [1] NCCL INFO AllGather: opCount 0 sendbuff 0x7f053bff1000 recvbuff 0x7f053bff1400 count 516 datatype 0 op 0 root 0 comm 0x7f0528002f70 [nranks=4] stream 0xc9e1f80
ai:487636:487636 [2] NCCL INFO AllGather: opCount 0 sendbuff 0x7fc061fe5e00 recvbuff 0x7fc061fe8000 count 8196 datatype 0 op 0 root 0 comm 0x7fc0c8002f70 [nranks=4] stream 0x6b591b0
ai:487637:487637 [3] NCCL INFO AllGather: opCount 0 sendbuff 0x7f43e2ff2200 recvbuff 0x7f42dbfcb400 count 516 datatype 0 op 0 root 0 comm 0x7f4344002f70 [nranks=4] stream 0xcad1e40
ai:487634:487634 [0] NCCL INFO AllGather: opCount 0 sendbuff 0x7fd923be8600 recvbuff 0x7fd923bf6a00 count 2052 datatype 0 op 0 root 0 comm 0x7fd988002f70 [nranks=4] stream 0xc62dd60
ai:487636:487636 [2] NCCL INFO AllGather: opCount 0 sendbuff 0x7fc0dbff2000 recvbuff 0x7fc061ff2200 count 2052 datatype 0 op 0 root 0 comm 0x7fc0c8002f70 [nranks=4] stream 0x6b591b0
ai:487637:487637 [3] NCCL INFO AllGather: opCount 0 sendbuff 0x7f42dbfcc200 recvbuff 0x7f42dbfccc00 count 2052 datatype 0 op 0 root 0 comm 0x7f4344002f70 [nranks=4] stream 0xcad1e40
ai:487635:487635 [1] NCCL INFO AllGather: opCount 0 sendbuff 0x7f053bff1800 recvbuff 0x7f053bff1c00 count 516 datatype 0 op 0 root 0 comm 0x7f0528002f70 [nranks=4] stream 0xc9e1f80
ai:487634:487634 [0] NCCL INFO AllGather: opCount 0 sendbuff 0x7fd997ff3800 recvbuff 0x7fd923bf8c00 count 2052 datatype 0 op 0 root 0 comm 0x7fd988002f70 [nranks=4] stream 0xc62dd60
ai:487637:487637 [3] NCCL INFO AllGather: opCount 0 sendbuff 0x7f43e2ff3600 recvbuff 0x7f42dbfcf600 count 1028 datatype 0 op 0 root 0 comm 0x7f4344002f70 [nranks=4] stream 0xcad1e40
ai:487636:487636 [2] NCCL INFO AllGather: opCount 0 sendbuff 0x7fc0dbff3a00 recvbuff 0x7fc061ff4400 count 2052 datatype 0 op 0 root 0 comm 0x7fc0c8002f70 [nranks=4] stream 0x6b591b0
